0 FAILED
9 FAILED
10 PASSED
1 PASSED
7 FAILED
8 FAILED
2 FAILED
6 FAILED
3 PASSED
4 FAILED
5 PASSED
